[2025-05-29 01:35:11] Proceeded to level 1
[2025-05-29 01:35:11] New GamePanel created for user: Elnur
[2025-05-29 01:35:11] Game started
[2025-05-29 01:35:20] Got info: Compiling converts code to executable, Points: 10
[2025-05-29 01:35:20] Got info: Loops repeat code until a condition, Points: 10
[2025-05-29 01:35:23] Got info: Arrays store multiple values, Points: 10
[2025-05-29 01:35:24] Got question: What does the . (dot) mean in regular expressions?, Damage: 5
[2025-05-29 01:35:28] Got info: Arrays store multiple values, Points: 10
[2025-05-29 01:35:30] Got info: Variables store data in memory, Points: 10
[2025-05-29 01:35:30] Proceeded to level 2
[2025-05-29 01:35:35] Got info: Variables store data in memory, Points: 10
[2025-05-29 01:35:43] Got info: Arrays store multiple values, Points: 10
[2025-05-29 01:35:45] Got info: Inheritance reuses class properties, Points: 20
[2025-05-29 01:35:45] Got info: Static methods belong to classes, Points: 20
[2025-05-29 01:35:46] Got info: Encapsulation hides data details, Points: 20
[2025-05-29 01:35:47] Got info: The finally block always executes after try/catch, even if there is a return or an exception is thrown, Points: 20
[2025-05-29 01:35:47] Proceeded to level 3
[2025-05-29 01:35:51] Got info: Polymorphism enables flexible code, Points: 20
[2025-05-29 01:35:51] Got info: Stacks follow last-in, first-out, Points: 20
[2025-05-29 01:35:51] Got info: Interfaces define method contracts, Points: 20
[2025-05-29 01:35:52] Got info: Big-O measures algorithm efficiency, Points: 30
[2025-05-29 01:35:53] Got info: Static methods belong to classes, Points: 20
[2025-05-29 01:35:53] Got question: How does Java implement generics using type erasure?, Damage: 20
[2025-05-29 01:35:56] Got info: Interfaces define method contracts, Points: 20
[2025-05-29 01:35:58] Got info: Inheritance reuses class properties, Points: 20
[2025-05-29 01:35:58] Game won, Score: 150
